Yönetim Bilişim Sistemleri,01 - PROF. DR. TUNCHAN CURA - YONETIM BILISIM SISTEMLERI - FD2 - 080118,http://auzef.mncdn.com/videos/2019/5ab8b505-4f35-4de4-b8d4-f41eab166326.mp4
Yönetim Bilişim Sistemleri,02 - PROF. DR. TUNCHAN CURA - YONETIM BILISIM SISTEMLERI - FD2 - 080118,http://auzef.mncdn.com/videos/2019/db959a4b-d7fd-42a9-8c8c-14f8f081555c.mp4
Yönetim Bilişim Sistemleri,03 - PROF. DR. TUNCHAN CURA - YONETIM BILISIM SISTEMLERI - FD2 - 080118,http://auzef.mncdn.com/videos/2019/fb29080d-6ad5-4e67-aff2-0f782645834f.mp4
Yönetim Bilişim Sistemleri,04 - PROF. DR. TUNCHAN CURA - YONETIM BILISIM SISTEMLERI - FD2 - 080118,http://auzef.mncdn.com/videos/2019/f6077ee8-a1eb-4345-95d8-85d3f0401915.mp4
Yönetim Bilişim Sistemleri,05 - PROF. DR. TUNCHAN CURA - YONETIM BILISIM SISTEMLERI - FD2 - 080118,http://auzef.mncdn.com/videos/2019/04697ff0-eb2b-4970-919c-23563935183b.mp4
Yönetim Bilişim Sistemleri,06 - PROF. DR. TUNCHAN CURA - YONETIM BILISIM SISTEMLERI - FD2 - 080118,http://auzef.mncdn.com/videos/2019/2e6eb12c-bcf2-41ee-ac7b-3dbca4439978.mp4
Yönetim Bilişim Sistemleri,07 - PROF. DR. TUNCHAN CURA - YONETIM BILISIM SISTEMLERI - FD2 - 080118,http://auzef.mncdn.com/videos/2019/e3ff9e19-f9c1-48aa-9d88-90504aea026a.mp4
Yönetim Bilişim Sistemleri,08 - PROF. DR. TUNCHAN CURA - YONETIM BILISIM SISTEMLERI - CU 3 - 080118,http://auzef.mncdn.com/videos/2019/9b9d73cb-81ee-4e13-b27f-8c30043163a4.mp4
Yönetim Bilişim Sistemleri,09 - PROF. DR. TUNCHAN CURA - YONETIM BILISIM SISTEMLERI - CU 3 - 080118,http://auzef.mncdn.com/videos/2019/b8b68b9f-93f7-427d-8ea4-ab60a01fb8cc.mp4
Yönetim Bilişim Sistemleri,10 - PROF. DR. TUNCHAN CURA - YONETIM BILISIM SISTEMLERI - CU 3 - 080118,http://auzef.mncdn.com/videos/2019/a14f9d32-862c-44ce-bdaf-e3379f1dfdee.mp4
Yönetim Bilişim Sistemleri,11 - PROF. DR. TUNCHAN CURA - YONETIM BILISIM SISTEMLERI - CU 3 - 080118,http://auzef.mncdn.com/videos/2019/3703d206-c50b-48dd-8829-9ef07213a1c0.mp4
Yönetim Bilişim Sistemleri,12 - PROF. DR. TUNCHAN CURA - YONETIM BILISIM SISTEMLERI - CU 3 - 080118,http://auzef.mncdn.com/videos/2019/ad050af1-14ed-4c82-8a49-94226b1e5c62.mp4
Yönetim Bilişim Sistemleri,13 - PROF. DR. TUNCHAN CURA - YONETIM BILISIM SISTEMLERI - CU 3 - 080118,http://auzef.mncdn.com/videos/2019/15b8c57d-2d22-422b-b55f-11fb0f38279d.mp4
Yönetim Bilişim Sistemleri,14 - PROF. DR. TUNCHAN CURA - YONETIM BILISIM SISTEMLERI - CU 3 - 080118,http://auzef.mncdn.com/videos/2019/342f90b3-29e5-4544-8485-1c6d625789d7.mp4
